Component: ARM Compiler 5.05 update 1 (build 106) Tool: armlink [4d0efa]

==============================================================================

Section Cross References

    application.o(i.rt_application_init) refers to thread.o(i.rt_thread_create) for rt_thread_create
    application.o(i.rt_application_init) refers to thread.o(i.rt_thread_startup) for rt_thread_startup
    application.o(i.rt_application_init) refers to thread.o(i.rt_thread_init) for rt_thread_init
    application.o(i.rt_application_init) refers to application.o(i.rt_init_thread_entry) for rt_init_thread_entry
    application.o(i.rt_application_init) refers to application.o(.bss) for .bss
    application.o(i.rt_application_init) refers to application.o(i.rt_thread_entry_led) for rt_thread_entry_led
    application.o(i.rt_thread_entry_led) refers to thread.o(i.rt_thread_delay) for rt_thread_delay
    startup.o(i.Enter_LearnState_checking) refers to startup.o(.bss) for .bss
    startup.o(i.Enter_LearnState_checking) refers to startup.o(.data) for .data
    startup.o(i.Interrupt_RX_process) refers to startup.o(i.KeeLoq_Decrypt) for KeeLoq_Decrypt
    startup.o(i.Interrupt_RX_process) refers to startup.o(i.Enter_LearnState_checking) for Enter_LearnState_checking
    startup.o(i.Interrupt_RX_process) refers to printf8.o(i.__0printf$8) for __2printf
    startup.o(i.Interrupt_RX_process) refers to protocol_808.o(i.buzzer_onoff) for buzzer_onoff
    startup.o(i.Interrupt_RX_process) refers to startup.o(.data) for .data
    startup.o(i.Interrupt_RX_process) refers to startup.o(.bss) for .bss
    startup.o(i.Interrupt_RX_process) refers to startup.o(.conststring) for .conststring
    startup.o(i.KeeLoq_Decrypt) refers to llushr.o(.text) for __aeabi_llsr
    startup.o(i.Learn_processing) refers to startup.o(i.KeeLoq_Decrypt) for KeeLoq_Decrypt
    startup.o(i.Learn_processing) refers to printf8.o(i.__0printf$8) for __2printf
    startup.o(i.Learn_processing) refers to startup.o(.data) for .data
    startup.o(i.Learn_processing) refers to startup.o(.bss) for .bss
    startup.o(i.Roll_code_keeloq_Init) refers to startup.o(i.KeeLoq_Decrypt) for KeeLoq_Decrypt
    startup.o(i.Roll_code_keeloq_Init) refers to printf8.o(i.__0printf$8) for __2printf
    startup.o(i.Roll_code_keeloq_Init) refers to startup.o(.bss) for .bss
    startup.o(i.Roll_code_keeloq_Init) refers to startup.o(.data) for .data
    startup.o(i.Roll_code_keeloq_Init) refers to startup.o(.conststring) for .conststring
    startup.o(i.SensorPlus_caculateSpeed) refers to printf8.o(i.__0printf$8) for __2printf
    startup.o(i.SensorPlus_caculateSpeed) refers to stm32f2xx_tim.o(i.TIM_GetCapture1) for TIM_GetCapture1
    startup.o(i.SensorPlus_caculateSpeed) refers to protocol_808.o(.data) for DispContent
    startup.o(i.SensorPlus_caculateSpeed) refers to startup.o(.data) for .data
    startup.o(i.SensorPlus_caculateSpeed) refers to protocol_808.o(.data) for Frequency
    startup.o(i.SensorPlus_caculateSpeed) refers to startup.o(.conststring) for .conststring
    startup.o(i.TIM3_Config) refers to stm32f2xx_rcc.o(i.RCC_APB1PeriphClockCmd) for RCC_APB1PeriphClockCmd
    startup.o(i.TIM3_Config) refers to misc.o(i.NVIC_Init) for NVIC_Init
    startup.o(i.TIM3_Config) refers to stm32f2xx_tim.o(i.TIM_ARRPreloadConfig) for TIM_ARRPreloadConfig
    startup.o(i.TIM3_Config) refers to stm32f2xx_tim.o(i.TIM_TimeBaseInit) for TIM_TimeBaseInit
    startup.o(i.TIM3_Config) refers to stm32f2xx_tim.o(i.TIM_ClearFlag) for TIM_ClearFlag
    startup.o(i.TIM3_Config) refers to stm32f2xx_tim.o(i.TIM_ITConfig) for TIM_ITConfig
    startup.o(i.TIM3_Config) refers to stm32f2xx_tim.o(i.TIM_Cmd) for TIM_Cmd
    startup.o(i.TIM3_IRQHandler) refers to stm32f2xx_tim.o(i.TIM_GetITStatus) for TIM_GetITStatus
    startup.o(i.TIM3_IRQHandler) refers to stm32f2xx_tim.o(i.TIM_ClearITPendingBit) for TIM_ClearITPendingBit
    startup.o(i.TIM3_IRQHandler) refers to protocol_808.o(i.buzzer_onoff) for buzzer_onoff
    startup.o(i.TIM3_IRQHandler) refers to startup.o(.data) for .data
    startup.o(i.TIM3_IRQHandler) refers to startup.o(.bss) for .bss
    startup.o(i.TIM4_IRQHandler) refers to stm32f2xx_rcc.o(i.RCC_GetClocksFreq) for RCC_GetClocksFreq
    startup.o(i.TIM4_IRQHandler) refers to stm32f2xx_tim.o(i.TIM_ClearITPendingBit) for TIM_ClearITPendingBit
    startup.o(i.TIM4_IRQHandler) refers to stm32f2xx_tim.o(i.TIM_GetCapture1) for TIM_GetCapture1
    startup.o(i.TIM4_IRQHandler) refers to stm32f2xx_tim.o(i.TIM_GetCapture2) for TIM_GetCapture2
    startup.o(i.TIM4_IRQHandler) refers to memcpya.o(.text) for __aeabi_memcpy
    startup.o(i.TIM4_IRQHandler) refers to startup.o(.data) for .data
    startup.o(i.TIM4_IRQHandler) refers to protocol_808.o(.data) for Frequency
    startup.o(i.TIM4_IRQHandler) refers to startup.o(.bss) for .bss
    startup.o(i.assert_failed) refers to kservice.o(i.rt_kprintf) for rt_kprintf
    startup.o(i.fputc) refers to stm32f2xx_usart.o(i.USART_SendData) for USART_SendData
[...]
    __ctype_table                            0x08010c11   Data         129  ctype_o.o(.constdata)
    FSymTab$$Base                            0x08011328   Number         0  mem.o(FSymTab)
    __fsym_list_mem                          0x08011328   Data          12  mem.o(FSymTab)
    __fsym_hello                             0x08011334   Data          12  cmd.o(FSymTab)
    __fsym_version                           0x08011340   Data          12  cmd.o(FSymTab)
    __fsym_list_thread                       0x0801134c   Data          12  cmd.o(FSymTab)
    __fsym_list_sem                          0x08011358   Data          12  cmd.o(FSymTab)
    __fsym_list_event                        0x08011364   Data          12  cmd.o(FSymTab)
    __fsym_list_mutex                        0x08011370   Data          12  cmd.o(FSymTab)
    __fsym_list_mailbox                      0x0801137c   Data          12  cmd.o(FSymTab)
    __fsym_list_msgqueue                     0x08011388   Data          12  cmd.o(FSymTab)
    __fsym_list_mempool                      0x08011394   Data          12  cmd.o(FSymTab)
    __fsym_list_timer                        0x080113a0   Data          12  cmd.o(FSymTab)
    __fsym_list_device                       0x080113ac   Data          12  cmd.o(FSymTab)
    __fsym_list                              0x080113b8   Data          12  cmd.o(FSymTab)
    __fsym_gps_onoff                         0x080113c4   Data          12  gps.o(FSymTab)
    __fsym_gps_mode                          0x080113d0   Data          12  gps.o(FSymTab)
    __fsym_gps_raw                           0x080113dc   Data          12  gps.o(FSymTab)
    __fsym_TTS_play                          0x080113e8   Data          12  device_gsm.o(FSymTab)
    __fsym_cplay                             0x080113f4   Data          12  device_gsm.o(FSymTab)
    __fsym_catd                              0x08011400   Data          12  device_gsm.o(FSymTab)
    __fsym_AT                                0x0801140c   Data          12  device_gsm.o(FSymTab)
    __fsym_takephoto                         0x08011418   Data          12  app_485.o(FSymTab)
    __fsym_reset                             0x08011424   Data          12  device_808.o(FSymTab)
    __fsym_sys_status                        0x08011430   Data          12  device_808.o(FSymTab)
    __fsym_dispdata                          0x0801143c   Data          12  device_808.o(FSymTab)
    __fsym_Socket_main_Set                   0x08011448   Data          12  device_808.o(FSymTab)
    __fsym_dur                               0x08011454   Data          12  protocol_808.o(FSymTab)
    __fsym_driver_name                       0x08011460   Data          12  protocol_808.o(FSymTab)
    __fsym_current                           0x0801146c   Data          12  protocol_808.o(FSymTab)
    __fsym_link_mode                         0x08011478   Data          12  protocol_808.o(FSymTab)
    __fsym_port_main                         0x08011484   Data          12  protocol_808.o(FSymTab)
    __fsym_dnsr_main                         0x08011490   Data          12  protocol_808.o(FSymTab)
    __fsym_password                          0x0801149c   Data          12  protocol_808.o(FSymTab)
    __fsym_buzzer_onoff                      0x080114a8   Data          12  protocol_808.o(FSymTab)
    __fsym_write_read                        0x080114b4   Data          12  protocol_808.o(FSymTab)
    __fsym_qwrite_read                       0x080114c0   Data          12  protocol_808.o(FSymTab)
    __fsym_idip                              0x080114cc   Data          12  sys_config.o(FSymTab)
    __fsym_deviceid                          0x080114d8   Data          12  sys_config.o(FSymTab)
    __fsym_simid                             0x080114e4   Data          12  sys_config.o(FSymTab)
    __fsym_speaker_on                        0x080114f0   Data          12  app_hmi.o(FSymTab)
    __fsym_ls                                0x080114fc   Data          12  dfs_file.o(FSymTab)
    __fsym_rm                                0x08011508   Data          12  dfs_file.o(FSymTab)
    __fsym_cat                               0x08011514   Data          12  dfs_file.o(FSymTab)
    __fsym_copy                              0x08011520   Data          12  dfs_file.o(FSymTab)
    __fsym_mkfs                              0x0801152c   Data          12  dfs_fs.o(FSymTab)
    __fsym_df                                0x08011538   Data          12  dfs_fs.o(FSymTab)
    __fsym_mkdir                             0x08011544   Data          12  dfs_posix.o(FSymTab)
    FSymTab$$Limit                           0x08011550   Number         0  dfs_posix.o(FSymTab)
    Region$$Table$$Base                      0x08011550   Number         0  anon$$obj.o(Region$$Table)
    Region$$Table$$Limit                     0x08011570   Number         0  anon$$obj.o(Region$$Table)
    VSymTab$$Base                            0x08011570   Number         0  cmd.o(VSymTab)
    __vsym_dummy                             0x08011570   Data          16  cmd.o(VSymTab)
    VSymTab$$Limit                           0x08011580   Number         0  cmd.o(VSymTab)
    rxPos                                    0x20000000   Data           1  startup.o(.data)
    Rx66bit_34bit_FixedPart_repeatBit        0x20000001   Data           1  startup.o(.data)
    Rx66bit_34bit_FixedPart_VlowBit          0x20000002   Data           1  startup.o(.data)
    Rx66bit_34bit_FixedPart_ButtonStatus     0x20000003   Data           1  startup.o(.data)
    Rx66bit_32bit_hoppingPart_decode_buttonstatus 0x20000004   Data           1  startup.o(.data)
    Rx66bit_32bit_hoppingPart_decode_OVR     0x20000005   Data           1  startup.o(.data)
    debugTestflag                            0x20000006   Data           1  startup.o(.data)
    Buzz_status                              0x20000007   Data           1  startup.o(.data)
    rxBuf_bak_process                        0x20000008   Data           1  startup.o(.data)
    PrescalerValue                           0x2000000a   Data           2  startup.o(.data)
    Rx66bit_32bit_hoppingPart_decode_DISC    0x2000000c   Data           2  startup.o(.data)
    Rx66bit_32bit_hoppingPart_decode_SYNcounter 0x2000000e   Data           2  startup.o(.data)
    Decode_key_valueBuf_counter              0x20000010   Data           2  startup.o(.data)
    IC2Value                                 0x20000014   Data           4  startup.o(.data)
    IC1Value                                 0x20000018   Data           4  startup.o(.data)
    DutyCycle                                0x2000001c   Data           4  startup.o(.data)
    count                                    0x20000020   Data           4  startup.o(.data)
    rxState                                  0x20000024   Data           4  startup.o(.data)
    Rx66bit_34bit_FixedPart_28bit_NO         0x20000028   Data           4  startup.o(.data)
    Rx66bit_32bit_hoppingPart                0x2000002c   Data           4  startup.o(.data)
    Rx66bit_32bit_hoppinpPart_decodeTotal    0x20000030   Data           4  startup.o(.data)
    EncodeSavePassword_LSB                   0x20000034   Data           4  startup.o(.data)
    EncodeSavePassword_MSB                   0x20000038   Data           4  startup.o(.data)
    TIM3_Timer_Counter                       0x2000003c   Data           4  startup.o(.data)
    code_fixed                               0x20000040   Data           4  startup.o(.data)
    code_decode                              0x20000044   Data           4  startup.o(.data)
    pointer                                  0x20000048   Data           4  startup.o(.data)
    EncodeSavePassword_Total                 0x20000050   Data           8  startup.o(.data)
    Decode_key_valueBuf                      0x20000058   Data           8  startup.o(.data)
    u1_rxflag                                0x20000060   Data           1  vuart.o(.data)
    u1_rxCounter                             0x20000062   Data           2  vuart.o(.data)
    rt_interrupt_nest                        0x20000068   Data           1  irq.o(.data)
    rt_object_trytake_hook                   0x2000009c   Data           4  object.o(.data)
    rt_object_take_hook                      0x200000a0   Data           4  object.o(.data)
    rt_object_put_hook                       0x200000a4   Data           4  object.o(.data)
    rt_object_container                      0x200000a8   Data         144  object.o(.data)
    rt_current_priority                      0x20000138   Data           1  scheduler.o(.data)
    rt_current_thread                        0x2000013c   Data           4  scheduler.o(.data)
    rt_thread_ready_priority_group           0x20000140   Data           4  scheduler.o(.data)
    rt_thread_defunct                        0x20000148   Data           8  scheduler.o(.data)
    global_sysvar_list                       0x20000168   Data           4  finsh_var.o(.data)
    global_syscall_list                      0x2000016c   Data           4  finsh_vm.o(.data)
    finsh_sp                                 0x20000170   Data           4  finsh_vm.o(.data)
    finsh_pc                                 0x20000174   Data           4  finsh_vm.o(.data)
    _syscall_table_begin                     0x20000178   Data           4  symbol.o(.data)
    _syscall_table_end                       0x2000017c   Data           4  symbol.o(.data)
    _sysvar_table_begin                      0x20000180   Data           4  symbol.o(.data)
    _sysvar_table_end                        0x20000184   Data           4  symbol.o(.data)
    flag_bd_upgrade_uart                     0x20000188   Data           1  gps.o(.data)
    GpsStatus                                0x2000018a   Data           3  gps.o(.data)
    DataLink_Online                          0x20000190   Data           1  app_gsm.o(.data)
    DataLink_EndFlag                         0x20000191   Data           1  app_gsm.o(.data)
    PositionInfo_sdFlag                      0x20000192   Data           1  app_gsm.o(.data)
    Datalink_close                           0x20000193   Data           1  app_gsm.o(.data)
    ModuleStatus                             0x20000194   Data           1  app_gsm.o(.data)
    Mocule_Data_Come                         0x20000195   Data           1  app_gsm.o(.data)
    Send_DataFlag                            0x20000196   Data           1  app_gsm.o(.data)
    LinkNum                                  0x20000197   Data           1  app_gsm.o(.data)
    Redial_reset_save                        0x20000198   Data           1  app_gsm.o(.data)
    Current_UDP_sd                           0x200001a0   Data           1  app_gsm.o(.data)
    GSM_Rx_RawFlag                           0x200001a2   Data           1  device_gsm.o(.data)
    Dial_jump_State                          0x200001a4   Data           1  device_gsm.o(.data)
    Dnsr_state                               0x200001a5   Data           1  device_gsm.o(.data)
    Delete_all_sms_flag                      0x200001a6   Data           1  device_gsm.o(.data)
    TCP2_ready_dial                          0x200001a7   Data           1  device_gsm.o(.data)
    TCP2_Connect                             0x200001a8   Data           1  device_gsm.o(.data)
    TCP2_sdFlag                              0x200001a9   Data           1  device_gsm.o(.data)
    Online_error_counter                     0x200001aa   Data           1  device_gsm.o(.data)
    GSM_rx_Wr                                0x200001ac   Data           2  device_gsm.o(.data)
    info_len                                 0x200001ae   Data           2  device_gsm.o(.data)
    TTS_Len                                  0x200001b0   Data           2  device_gsm.o(.data)
    CommAT                                   0x200001b6   Data           5  device_gsm.o(.data)
    GSM_PWR                                  0x200001bc   Data           6  device_gsm.o(.data)
    Dialinit_DNSR                            0x200001c2   Data          50  device_gsm.o(.data)
    Dialinit_DNSR2                           0x200001f4   Data          50  device_gsm.o(.data)
    _485_CameraData_Enable                   0x20000330   Data           1  device_485.o(.data)
    OpenDoor_StartTakeFlag                   0x20000331   Data           1  device_485.o(.data)
    Opendoor_transFLAG                       0x20000332   Data           1  device_485.o(.data)
    _485_content_wr                          0x20000334   Data           2  device_485.o(.data)
    _485dev_wr                               0x20000338   Data           2  device_485.o(.data)
    _485_RXstatus                            0x2000033a   Data           4  device_485.o(.data)
    Take_photo                               0x2000033e   Data          10  device_485.o(.data)
    Fectch_photo                             0x20000348   Data          10  device_485.o(.data)
    SingleCamera_TakeRetry                   0x20000352   Data           1  app_485.o(.data)
    SingleCamra_TakeResualt_BD               0x20000353   Data           1  app_485.o(.data)
    TX_485const_Enable                       0x20000354   Data           1  app_485.o(.data)
    last_package                             0x20000355   Data           1  app_485.o(.data)
    wdg_reset_flag                           0x20000356   Data           1  device_808.o(.data)
    AD_2through                              0x20000358   Data           4  device_808.o(.data)
    ADC_ConValue                             0x2000035c   Data           6  device_808.o(.data)
    Power_AD                                 0x20000362   Data           8  device_808.o(.data)
    CallState                                0x2000036c   Data           1  protocol_808.o(.data)
    avgspd_Mint_Wr                           0x2000036d   Data           1  protocol_808.o(.data)
    AspdCounter                              0x2000036e   Data           1  protocol_808.o(.data)
    Camera_Number                            0x2000036f   Data           1  protocol_808.o(.data)
    DispContent                              0x20000370   Data           1  protocol_808.o(.data)
    TextInforCounter                         0x20000371   Data           1  protocol_808.o(.data)
    FCS_GPS_UDP                              0x20000372   Data           1  protocol_808.o(.data)
    FCS_RX_UDP                               0x20000373   Data           1  protocol_808.o(.data)
    FCS_error_counter                        0x20000374   Data           1  protocol_808.o(.data)
    Print_power_Q5_enable                    0x20000375   Data           1  protocol_808.o(.data)
    UDP_dataPacket_flag                      0x20000376   Data           1  protocol_808.o(.data)
    Year_illigel                             0x20000377   Data           1  protocol_808.o(.data)
    GPS_getfirst                             0x20000378   Data           1  protocol_808.o(.data)
    HDOP_value                               0x20000379   Data           1  protocol_808.o(.data)
    Speed_area                               0x2000037a   Data           1  protocol_808.o(.data)
    Speed_Rec                                0x2000037b   Data           1  protocol_808.o(.data)
    Duomeiti_sdFlag                          0x2000037c   Data           1  protocol_808.o(.data)
    warn_flag                                0x2000037d   Data           1  protocol_808.o(.data)
    f_Exigent_warning                        0x2000037e   Data           1  protocol_808.o(.data)
    Send_warn_times                          0x2000037f   Data           1  protocol_808.o(.data)
    Login_Menu_Flag                          0x20000380   Data           1  protocol_808.o(.data)
    SleepState                               0x20000381   Data           1  protocol_808.o(.data)
    SleepConfigFlag                          0x20000382   Data           1  protocol_808.o(.data)
    Fail_Flag                                0x20000383   Data           1  protocol_808.o(.data)
    Vehicle_RunStatus                        0x20000384   Data           1  protocol_808.o(.data)
    Status_TiredwhRst                        0x20000385   Data           1  protocol_808.o(.data)
    SleepCounter                             0x20000386   Data           1  protocol_808.o(.data)
    ACK_timer                                0x20000387   Data           1  protocol_808.o(.data)
    Send_Rdy4ok                              0x20000388   Data           1  protocol_808.o(.data)
    Rstart_time                              0x20000389   Data           1  protocol_808.o(.data)
    GPRS_infoWr_Tx                           0x2000038a   Data           2  protocol_808.o(.data)
    UDP_hexRx_len                            0x2000038c   Data           2  protocol_808.o(.data)
    UDP_DecodeHex_Len                        0x2000038e   Data           2  protocol_808.o(.data)
    GPS_Hight                                0x20000390   Data           2  protocol_808.o(.data)
    Spd_Using                                0x20000392   Data           2  protocol_808.o(.data)
    GPS_direction                            0x20000394   Data           2  protocol_808.o(.data)
    Centre_FloatID                           0x20000396   Data           2  protocol_808.o(.data)
    Centre_CmdID                             0x20000398   Data           2  protocol_808.o(.data)
    Original_info_Wr                         0x2000039a   Data           2  protocol_808.o(.data)
    Speed_gps                                0x2000039c   Data           2  protocol_808.o(.data)
    Speed_cacu                               0x2000039e   Data           2  protocol_808.o(.data)
    Spd_adjust_counter                       0x200003a0   Data           2  protocol_808.o(.data)
    Spd_Deltacheck_counter                   0x200003a2   Data           2  protocol_808.o(.data)
    FileTCB_CRC16                            0x200003a6   Data           2  protocol_808.o(.data)
    Last_crc                                 0x200003a8   Data           2  protocol_808.o(.data)
    crc_fcs                                  0x200003aa   Data           2  protocol_808.o(.data)
    Delta_1s_Plus                            0x200003ac   Data           2  protocol_808.o(.data)
    Camera_Obj                               0x200003ae   Data           2  protocol_808.o(.data)
    DoorOpen                                 0x200003b0   Data           2  protocol_808.o(.data)
    CurrentTime                              0x200003b2   Data           3  protocol_808.o(.data)
    BakTime                                  0x200003b5   Data           3  protocol_808.o(.data)
    Sdgps_Time                               0x200003b8   Data           3  protocol_808.o(.data)
    PicFileSize                              0x200003bc   Data           4  protocol_808.o(.data)
    PerMinSpdTotal                           0x200003c0   Data           4  protocol_808.o(.data)
    Warn_Status                              0x200003c4   Data           4  protocol_808.o(.data)
    Warn_MaskWord                            0x200003c8   Data           4  protocol_808.o(.data)
    Text_MaskWord                            0x200003cc   Data           4  protocol_808.o(.data)
    Key_MaskWord                             0x200003d0   Data           4  protocol_808.o(.data)
    Car_Status                               0x200003d4   Data           4  protocol_808.o(.data)
    SubCMD_8103H                             0x200003d8   Data           4  protocol_808.o(.data)
    chushilicheng                            0x200003dc   Data           4  protocol_808.o(.data)
    DEV_regist                               0x200003ec   Data           4  protocol_808.o(.data)
    DEV_Login                                0x200003f0   Data           5  protocol_808.o(.data)
    NandsaveFlg                              0x200003f5   Data           5  protocol_808.o(.data)
    Vech_Control                             0x200003fa   Data           6  protocol_808.o(.data)
    SIM_code                                 0x20000400   Data           6  protocol_808.o(.data)
    A_time                                   0x20000406   Data           6  protocol_808.o(.data)
    HumanConfirmWarn                         0x2000040c   Data           8  protocol_808.o(.data)
    Setting08                                0x20000414   Data          80  protocol_808.o(.data)
    arr_A3B0                                 0x20000464   Data          20  protocol_808.o(.data)
    arr_A3C0                                 0x20000478   Data          32  protocol_808.o(.data)
    arr_A3D0                                 0x20000498   Data          22  protocol_808.o(.data)
    arr_A3E0                                 0x200004ae   Data          32  protocol_808.o(.data)
    arr_A3F0                                 0x200004ce   Data          22  protocol_808.o(.data)
    IMSI_CODE                                0x200004e4   Data          15  protocol_808.o(.data)
    Satelite_num                             0x200004f3   Data           1  protocol_808.o(.data)
    Frequency                                0x200004f4   Data           4  protocol_808.o(.data)
    TriggerSDsatus                           0x200004f8   Data           1  sys_config.o(.data)
    RemotePort_main                          0x200004fa   Data           2  sys_config.o(.data)
    RemotePort_aux                           0x200004fc   Data           2  sys_config.o(.data)
    Remote_Link2_Port                        0x200004fe   Data           2  sys_config.o(.data)
    ACC_on_sd_Duration                       0x20000500   Data           2  sys_config.o(.data)
    ACC_off_sd_Duration                      0x20000502   Data           2  sys_config.o(.data)
    RemoteIP_main                            0x20000504   Data           4  sys_config.o(.data)
    RemoteIP_aux                             0x20000508   Data           4  sys_config.o(.data)
    Remote_Link2_IP                          0x2000050c   Data           4  sys_config.o(.data)
    APN_String                               0x20000510   Data          30  sys_config.o(.data)
    DomainNameStr                            0x2000052e   Data          50  sys_config.o(.data)
    DomainNameStr_aux                        0x20000560   Data          50  sys_config.o(.data)
    Current_SD_Duration                      0x20000594   Data           4  sys_config.o(.data)
    Powercut_Status                          0x20000598   Data           1  sys_config.o(.data)
    ReadCycle_status                         0x2000059c   Data           1  flash_oper.o(.data)
    cycle_write                              0x200005a0   Data           4  flash_oper.o(.data)
    cycle_read                               0x200005a4   Data           4  flash_oper.o(.data)
    AvrgSpdPerMin_write                      0x200005a8   Data           4  flash_oper.o(.data)
    AvrgSpdPerMin_Read                       0x200005ac   Data           4  flash_oper.o(.data)
    ErrorLog_write                           0x200005b0   Data           4  flash_oper.o(.data)
    ErrorLog_Read                            0x200005b4   Data           4  flash_oper.o(.data)
    Login_write                              0x200005b8   Data           4  flash_oper.o(.data)
    Login_Read                               0x200005bc   Data           4  flash_oper.o(.data)
    Settingchg_write                         0x200005c0   Data           4  flash_oper.o(.data)
    Settingchg_read                          0x200005c4   Data           4  flash_oper.o(.data)
    TiredDrv_write                           0x200005c8   Data           4  flash_oper.o(.data)
    TiredDrv_read                            0x200005cc   Data           4  flash_oper.o(.data)
    ExpSpdRec_write                          0x200005d0   Data           4  flash_oper.o(.data)
    ExpSpdRec_read                           0x200005d4   Data           4  flash_oper.o(.data)
    mangQu_read_reg                          0x200005d8   Data           4  flash_oper.o(.data)
    USBH_HCD_INT_cb                          0x200005dc   Data          12  usbh_core.o(.data)
    USBH_HCD_INT_fops                        0x200005e8   Data           4  usbh_core.o(.data)
    CAN_initOver                             0x200005ec   Data           1  device_can.o(.data)
    TransmitMailbox                          0x200005ed   Data           1  device_can.o(.data)
    Can_RXnum                                0x200005f0   Data           4  device_can.o(.data)
    Can_same                                 0x200005f4   Data           4  device_can.o(.data)
    Can_loudiao                              0x200005f8   Data           4  device_can.o(.data)
    Can_notsame                              0x200005fc   Data           4  device_can.o(.data)
    U3_rxCounter                             0x20000600   Data           2  device_can2.o(.data)
    CTRL_REG1_value                          0x20000605   Data           1  mma8451.o(.data)
    PL_BF_ZCOMP_REG_value                    0x20000606   Data           1  mma8451.o(.data)
    PL_P_L_THS_REG_vlaue                     0x20000607   Data           1  mma8451.o(.data)
    param_mma8451_word1                      0x20000608   Data           2  mma8451.o(.data)
    param_mma8451_word2                      0x2000060a   Data           2  mma8451.o(.data)
    shaker_continueCounter                   0x2000060c   Data           4  mma8451.o(.data)
    XinhaoStatus                             0x20000610   Data          20  menu_include.o(.data)
    rt_interrupt_from_thread                 0x20000624   Data           4  cpuport.o(.data)
    rt_interrupt_to_thread                   0x20000628   Data           4  cpuport.o(.data)
    rt_thread_switch_interrupt_flag          0x2000062c   Data           4  cpuport.o(.data)
    SystemCoreClock                          0x20000630   Data           4  system_stm32f2xx.o(.data)
    AHBPrescTable                            0x20000634   Data          16  system_stm32f2xx.o(.data)
    __stdout                                 0x20000654   Data           4  stdout.o(.data)
    rxBuf                                    0x20000658   Data          66  startup.o(.bss)
    rxBuf_bak                                0x2000069a   Data          66  startup.o(.bss)
    Learn                                    0x200006dc   Data          12  startup.o(.bss)
    ROLL_EEPROM                              0x200006e8   Data          24  startup.o(.bss)
    ROLL_learn                               0x20000700   Data          24  startup.o(.bss)
    dev_vuart                                0x20000b24   Data          64  vuart.o(.bss)
    u1_rx_buf                                0x20000b64   Data         200  vuart.o(.bss)
    rt_thread_priority_table                 0x20000ccc   Data         256  scheduler.o(.bss)
    Gps_Exception                            0x200028c8   Data          28  gps.o(.bss)
    thread_gps                               0x200038e8   Data         128  gps.o(.bss)
    gsm_thread_stack                         0x20003968   Data        2048  app_gsm.o(.bss)
    gsm_thread                               0x20004168   Data         128  app_gsm.o(.bss)
    Device_GSM                               0x200041e8   Data          64  app_gsm.o(.bss)
    GSM_rawinfo                              0x20004228   Data        9000  app_gsm.o(.bss)
    mq_GSM                                   0x20006550   Data          52  app_gsm.o(.bss)
    DataDial                                 0x20006588   Data          14  device_gsm.o(.bss)
    GSM_rx                                   0x20006598   Data        2500  device_gsm.o(.bss)
    GSM_AsciiTx                              0x20007b18   Data        2800  device_gsm.o(.bss)
    TTS_Var                                  0x20008608   Data        1212  device_gsm.o(.bss)
    AT_TTS                                   0x20008ac8   Data        1024  device_gsm.o(.bss)
    _485_content                             0x20008ec8   Data         600  device_485.o(.bss)
    _485_dev_rx                              0x20009120   Data         600  device_485.o(.bss)
    Device_485                               0x20009378   Data          64  device_485.o(.bss)
    _485_MsgQue_sruct                        0x200093b8   Data          12  device_485.o(.bss)
    MultiTake                                0x200093c4   Data           9  app_485.o(.bss)
    CameraState                              0x200093ce   Data          10  app_485.o(.bss)
    Dev_Voice                                0x200093d8   Data         656  app_485.o(.bss)
    Photo_sdState                            0x20009668   Data          12  protocol_808.o(.bss)
    Sound_sdState                            0x20009674   Data          12  protocol_808.o(.bss)
    Video_sdState                            0x20009680   Data          12  protocol_808.o(.bss)
    Avrgspd_Mint                             0x2000968c   Data          73  protocol_808.o(.bss)
    speed_Exd                                0x200096d8   Data          24  protocol_808.o(.bss)
    GPRS_info                                0x200096f0   Data        1400  protocol_808.o(.bss)
    UDP_HEX_Rx                               0x20009c68   Data        1024  protocol_808.o(.bss)
    GPRMC                                    0x2000a068   Data          32  protocol_808.o(.bss)
    Original_info                            0x2000a088   Data        1400  protocol_808.o(.bss)
    Former_DeltaPlus                         0x2000a600   Data          60  protocol_808.o(.bss)
    Former_gpsSpd                            0x2000a63c   Data          30  protocol_808.o(.bss)
    CAN_trans                                0x2000a65c   Data        2104  protocol_808.o(.bss)
    TextInfo                                 0x2000ae94   Data         152  protocol_808.o(.bss)
    EventObj                                 0x2000af2c   Data          23  protocol_808.o(.bss)
    ASK_Centre                               0x2000af44   Data         208  protocol_808.o(.bss)
    MSG_BroadCast_Obj                        0x2000b014   Data          38  protocol_808.o(.bss)
    PhoneBook                                0x2000b03a   Data          34  protocol_808.o(.bss)
    Rx_PhoneBOOK                             0x2000b05c   Data          34  protocol_808.o(.bss)
    Rail_Polygen                             0x2000b080   Data          52  protocol_808.o(.bss)
    Rail_Rectangle                           0x2000b0b4   Data          44  protocol_808.o(.bss)
    Rail_Rectangle_multi                     0x2000b0e0   Data         352  protocol_808.o(.bss)
    Rail_Cycle_multi                         0x2000b240   Data         320  protocol_808.o(.bss)
    Rail_Cycle                               0x2000b380   Data          40  protocol_808.o(.bss)
    ROUTE_Obj                                0x2000b3a8   Data         108  protocol_808.o(.bss)
    Recode_Obj                               0x2000b414   Data          36  protocol_808.o(.bss)
    MediaObj                                 0x2000b438   Data         272  protocol_808.o(.bss)
    DataTrans                                0x2000b548   Data          34  protocol_808.o(.bss)
    InOut_Object                             0x2000b56c   Data          12  protocol_808.o(.bss)
    MediaIndex                               0x2000b578   Data          52  protocol_808.o(.bss)
    Gps_Gprs                                 0x2000b5ac   Data          14  protocol_808.o(.bss)
    Temp_Gps_Gprs                            0x2000b5ba   Data          14  protocol_808.o(.bss)
    Vechicle_Info                            0x2000b5c8   Data          52  protocol_808.o(.bss)
    BD_EXT                                   0x2000b5fc   Data          84  protocol_808.o(.bss)
    Setting_Qry                              0x2000b650   Data         364  protocol_808.o(.bss)
    ProductAttribute                         0x2000b7bc   Data         110  protocol_808.o(.bss)
    BD_ISP                                   0x2000b82c   Data        1076  protocol_808.o(.bss)
    Posit                                    0x2000c0e0   Data         480  protocol_808.o(.bss)
    Adata_ACKflag                            0x2000c2c0   Data          21  protocol_808.o(.bss)
    SD_ACKflag                               0x2000c2d5   Data          16  protocol_808.o(.bss)
    reg_128                                  0x2000c2e5   Data         128  protocol_808.o(.bss)
    SysConf_struct                           0x2000c368   Data         284  sys_config.o(.bss)
    JT808Conf_struct                         0x2000c488   Data         504  sys_config.o(.bss)
    JT808_struct_Bak                         0x2000c680   Data         504  sys_config.o(.bss)
    JT808_struct_Bak2                        0x2000c878   Data         504  sys_config.o(.bss)
    TiredConf_struct                         0x2000ca70   Data          64  sys_config.o(.bss)
    DeviceNumberID                           0x2000cab0   Data          13  sys_config.o(.bss)
    SimID_12D                                0x2000cabd   Data          13  sys_config.o(.bss)
    sem_DF                                   0x2000cacc   Data          32  sst25vf.o(.bss)
    reg_4096                                 0x2000daec   Data        4096  sst25vf.o(.bss)
    USB_OTG_Core                             0x2000eaf0   Data        1452  usbh.o(.bss)
    USB_Host                                 0x2000f09c   Data         132  usbh.o(.bss)
    thread_usbmsc                            0x2000f520   Data         128  usbh.o(.bss)
    filesystem_operation_table               0x2000f5a0   Data          16  dfs.o(.bss)
    filesystem_table                         0x2000f5b0   Data          32  dfs.o(.bss)
    fd_table                                 0x2000f5f4   Data         128  dfs.o(.bss)
    RxMessageData                            0x2000f798   Data          20  device_can.o(.bss)
    U3_Rx                                    0x2000f7ac   Data         100  device_can2.o(.bss)
    U3_content                               0x2000f810   Data         100  device_can2.o(.bss)
    Device_CAN2                              0x2000f874   Data          64  device_can2.o(.bss)
    __initial_sp                             0x2000fcb8   Data           0  startup_stm32f2xx.o(STACK)



==============================================================================

Memory Map of the image

  Image Entry point : 0x08008185

  Load Region LR_IROM1 (Base: 0x08008000, Size: 0x00009bd8, Max: 0x00040000, ABSOLUTE, COMPRESSED[0x0000978c])

    Execution Region ER_IROM1 (Base: 0x08008000, Size: 0x00009580, Max: 0x00040000, ABSOLUTE)

    Base Addr    Size         Type   Attr      Idx    E Section Name        Object

    0x08008000   0x00000184   Data   RO        15382    RESET               startup_stm32f2xx.o
    0x08008184   0x00000000   Code   RO        15399  * .ARM.Collect$$$$00000000  mc_w.l(entry.o)
    0x08008184   0x00000004   Code   RO        15733    .ARM.Collect$$$$00000001  mc_w.l(entry2.o)
    0x08008188   0x00000004   Code   RO        15736    .ARM.Collect$$$$00000004  mc_w.l(entry5.o)
    0x0800818c   0x00000000   Code   RO        15738    .ARM.Collect$$$$00000008  mc_w.l(entry7b.o)
    0x0800818c   0x00000000   Code   RO        15740    .ARM.Collect$$$$0000000A  mc_w.l(entry8b.o)
    0x0800818c   0x00000008   Code   RO        15741    .ARM.Collect$$$$0000000B  mc_w.l(entry9a.o)
    0x08008194   0x00000000   Code   RO        15743    .ARM.Collect$$$$0000000D  mc_w.l(entry10a.o)
    0x08008194   0x00000000   Code   RO        15745    .ARM.Collect$$$$0000000F  mc_w.l(entry11a.o)
    0x08008194   0x00000004   Code   RO        15734    .ARM.Collect$$$$00002712  mc_w.l(entry2.o)
    0x08008198   0x000000c4   Code   RO        11405    .text               context_rvds.o
    0x0800825c   0x00000024   Code   RO        15383    .text               startup_stm32f2xx.o
    0x08008280   0x00000020   Code   RO        15402    .text               mc_w.l(llushr.o)
    0x080082a0   0x00000008   Code   RO        15404    .text               mc_w.l(ctype_o.o)
    0x080082a8   0x00000012   Code   RO        15426    .text               mc_w.l(isspace_o.o)
    0x080082ba   0x00000024   Code   RO        15432    .text               mc_w.l(memcpya.o)
    0x080082de   0x00000024   Code   RO        15434    .text               mc_w.l(memseta.o)
    0x08008302   0x00000018   Code   RO        15436    .text               mc_w.l(strcat.o)
    0x0800831a   0x0000000e   Code   RO        15444    .text               mc_w.l(strlen.o)
    0x08008328   0x0000001e   Code   RO        15450    .text               mc_w.l(strncmp.o)
    0x08008346   0x00000002   PAD
    0x08008348   0x00000038   Code   RO        15715    .text               mc_w.l(__0sscanf.o)
    0x08008380   0x0000014c   Code   RO        15717    .text               mc_w.l(_scanf_int.o)
    0x080084cc   0x00000062   Code   RO        15750    .text               mc_w.l(uldiv.o)
    0x0800852e   0x0000001c   Code   RO        15759    .text               mc_w.l(_chval.o)
    0x0800854a   0x00000002   PAD
    0x0800854c   0x00000028   Code   RO        15761    .text               mc_w.l(scanf_char.o)
    0x08008574   0x00000040   Code   RO        15763    .text               mc_w.l(_sgetc.o)
    0x080085b4   0x00000024   Code   RO        15786    .text               mc_w.l(init.o)
    0x080085d8   0x0000001e   Code   RO        15788    .text               mc_w.l(llshl.o)
    0x080085f6   0x00000002   PAD
    0x080085f8   0x0000032c   Code   RO        15794    .text               mc_w.l(_scanf.o)
    0x08008924   0x00000056   Code   RO        15815    .text               mc_w.l(__dczerorl2.o)
    0x0800897a   0x00000002   PAD
    0x0800897c   0x0000001c   Code   RO         4111    i.ACC_StatusGet     device_808.o
    0x08008998   0x00000028   Code   RO         3294    i.AT                device_gsm.o
    0x080089c0   0x00000088   Code   RO         4116    i.Api_Config_Recwrite_Large  device_808.o
    0x08008a48   0x0000006c   Code   RO         4118    i.Api_Config_write  device_808.o
    0x08008ab4   0x00000002   Code   RO          550    i.BusFault_Handler  stm32f4xx_it.o
    0x08008ab6   0x00000002   PAD
    0x08008ab8   0x00000048   Code   RO          551    i.CAN1_RX0_IRQHandler  stm32f4xx_it.o
    0x08008b00   0x000000b0   Code   RO         8619    i.CAN1_Rx_Process   device_can.o
    0x08008bb0   0x00000030   Code   RO         8688    i.CAN2_RxHandler    device_can2.o
    0x08008be0   0x00000078   Code   RO        11770    i.CAN_ClearITPendingBit  stm32f2xx_can.o
    0x08008c58   0x000000a8   Code   RO        11776    i.CAN_GetITStatus   stm32f2xx_can.o
    0x08008d00   0x00000090   Code   RO        11784    i.CAN_Receive       stm32f2xx_can.o
    0x08008d90   0x00000020   Code   RO         3891    i.Camera_Take_Enable  app_485.o
    0x08008db0   0x0000000c   Code   RO        11792    i.CheckITStatus     stm32f2xx_can.o
    0x08008dbc   0x0000001a   Code   RO         6173    i.DF_ReadFlash      df_oper.o
    0x08008dd6   0x00000030   Code   RO         6176    i.DF_WriteFlashDirect  df_oper.o
    0x08008e06   0x00000040   Code   RO         6177    i.DF_WriteFlashSector  df_oper.o
    0x08008e46   0x000000ee   Code   RO         4134    i.DF_Write_RecordAdd  device_808.o
    0x08008f34   0x00000018   Code   RO         6178    i.DF_delay_ms       df_oper.o
    0x08008f4c   0x00000012   Code   RO         6179    i.DF_delay_us       df_oper.o
    0x08008f5e   0x00000002   PAD
    0x08008f60   0x00000060   Code   RO         3298    i.DataLink_DNSR_Set  device_gsm.o
    0x08008fc0   0x00000080   Code   RO         3301    i.DataLink_MainSocket_set  device_gsm.o
    0x08009040   0x00000002   Code   RO          552    i.DebugMon_Handler  stm32f4xx_it.o
    0x08009042   0x00000002   PAD
    0x08009044   0x0000008c   Code   RO         8783    i.EXTI9_5_IRQHandler  mma8451.o
    0x080090d0   0x0000000c   Code   RO        12574    i.EXTI_ClearITPendingBit  stm32f2xx_exti.o
    0x080090dc   0x00000020   Code   RO        12578    i.EXTI_GetITStatus  stm32f2xx_exti.o
    0x080090fc   0x00000034   Code   RO          329    i.Enter_LearnState_checking  startup.o
    0x08009130   0x00000040   Code   RO         4140    i.GPIO_Config_PWM   device_808.o
    0x08009170   0x000000a2   Code   RO        12958    i.GPIO_Init         stm32f2xx_gpio.o
    0x08009212   0x00000020   Code   RO        12959    i.GPIO_PinAFConfig  stm32f2xx_gpio.o
    0x08009232   0x0000000e   Code   RO        12962    i.GPIO_ReadInputDataBit  stm32f2xx_gpio.o
    0x08009240   0x00000004   Code   RO        12965    i.GPIO_ResetBits    stm32f2xx_gpio.o
    0x08009244   0x00000004   Code   RO        12966    i.GPIO_SetBits      stm32f2xx_gpio.o
    0x08009248   0x00000012   Code   RO        12967    i.GPIO_StructInit   stm32f2xx_gpio.o
    0x0800925a   0x00000048   Code   RO         3312    i.GSM_HextoAscii_Convert  device_gsm.o
    0x080092a2   0x00000002   PAD
    0x080092a4   0x000000c0   Code   RO         3315    i.GSM_RxHandler     device_gsm.o
    0x08009364   0x0000004c   Code   RO         8785    i.I2C_SendByte      mma8451.o
    0x080093b0   0x00000040   Code   RO         8786    i.I2C_Start         mma8451.o
    0x080093f0   0x0000002c   Code   RO         8787    i.I2C_Stop          mma8451.o
    0x0800941c   0x0000003c   Code   RO         8788    i.I2C_WaitAck       mma8451.o
    0x08009458   0x0000001a   Code   RO         8789    i.I2C_delay         mma8451.o
    0x08009472   0x00000002   PAD
    0x08009474   0x000000f4   Code   RO         8790    i.IIC_RegRead       mma8451.o
    0x08009568   0x0000002c   Code   RO         4445    i.IP_Str            protocol_808.o
    0x08009594   0x00000010   Code   RO        13435    i.IWDG_Enable       stm32f2xx_iwdg.o
    0x080095a4   0x00000010   Code   RO        13437    i.IWDG_ReloadCounter  stm32f2xx_iwdg.o
    0x080095b4   0x0000000c   Code   RO        13438    i.IWDG_SetPrescaler  stm32f2xx_iwdg.o
    0x080095c0   0x0000000c   Code   RO        13439    i.IWDG_SetReload    stm32f2xx_iwdg.o
    0x080095cc   0x0000000c   Code   RO        13440    i.IWDG_WriteAccessCmd  stm32f2xx_iwdg.o
    0x080095d8   0x000001bc   Code   RO          330    i.Interrupt_RX_process  startup.o
    0x08009794   0x00000070   Code   RO          331    i.KeeLoq_Decrypt    startup.o
    0x08009804   0x000001ec   Code   RO          332    i.Learn_processing  startup.o
    0x080099f0   0x00000002   Code   RO          553    i.MemManage_Handler  stm32f4xx_it.o
    0x080099f2   0x00000002   Code   RO          554    i.NMI_Handler       stm32f4xx_it.o
    0x080099f4   0x00000064   Code   RO        11482    i.NVIC_Init         misc.o
    0x08009a58   0x0000000c   Code   RO         6321    i.OTG_FS_IRQHandler  usb_bsp.o
    0x08009a64   0x00000010   Code   RO         3779    i.Photo_FetchCMD_Update  device_485.o
    0x08009a74   0x00000010   Code   RO         3780    i.Photo_TakeCMD_Update  device_485.o
    0x08009a84   0x0000000c   Code   RO         3153    i.PositionSD_Enable  app_gsm.o
    0x08009a90   0x00000018   Code   RO        13565    i.RCC_AHB1PeriphClockCmd  stm32f2xx_rcc.o
    0x08009aa8   0x00000018   Code   RO        13574    i.RCC_APB1PeriphClockCmd  stm32f2xx_rcc.o
    0x08009ac0   0x00000018   Code   RO        13576    i.RCC_APB1PeriphResetCmd  stm32f2xx_rcc.o
    0x08009ad8   0x00000018   Code   RO        13577    i.RCC_APB2PeriphClockCmd  stm32f2xx_rcc.o
    0x08009af0   0x00000018   Code   RO        13579    i.RCC_APB2PeriphResetCmd  stm32f2xx_rcc.o
    0x08009b08   0x00000090   Code   RO        13586    i.RCC_GetClocksFreq  stm32f2xx_rcc.o
    0x08009b98   0x000000bc   Code   RO          333    i.Roll_code_keeloq_Init  startup.o
    0x08009c54   0x00000058   Code   RO         4017    i.SIMID_Convert_SIMCODE  app_808.o
    0x08009cac   0x00000006   Code   RO         6031    i.SPI_Flash_ReceiveByte  sst25vf.o
    0x08009cb2   0x00000002   PAD
    0x08009cb4   0x00000034   Code   RO         6032    i.SPI_Flash_SendByte  sst25vf.o
    0x08009ce8   0x0000000e   Code   RO        14390    i.SPI_I2S_GetFlagStatus  stm32f2xx_spi.o
    0x08009cf6   0x00000004   Code   RO        14393    i.SPI_I2S_ReceiveData  stm32f2xx_spi.o
    0x08009cfa   0x00000004   Code   RO        14394    i.SPI_I2S_SendData  stm32f2xx_spi.o
    0x08009cfe   0x00000002   PAD
    0x08009d00   0x0000006c   Code   RO         6035    i.SST25V_BufferRead  sst25vf.o
    0x08009d6c   0x00000050   Code   RO         6038    i.SST25V_ByteWrite  sst25vf.o
    0x08009dbc   0x0000002c   Code   RO         6043    i.SST25V_ReadStatusRegister  sst25vf.o
    0x08009de8   0x00000048   Code   RO         6044    i.SST25V_SectorErase_4KByte  sst25vf.o
    0x08009e30   0x00000038   Code   RO         6045    i.SST25V_WaitForWriteEnd  sst25vf.o
    0x08009e68   0x00000028   Code   RO         6047    i.SST25V_WriteEnable  sst25vf.o
    0x08009e90   0x00000002   Code   RO          555    i.SVC_Handler       stm32f4xx_it.o
    0x08009e92   0x00000002   PAD
    0x08009e94   0x0000000c   Code   RO         6050    i.Sem_Dataflash_Release  sst25vf.o
    0x08009ea0   0x00000040   Code   RO         6051    i.Sem_Dataflash_Take  sst25vf.o
    0x08009ee0   0x0000012c   Code   RO          334    i.SensorPlus_caculateSpeed  startup.o
    0x0800a00c   0x00000098   Code   RO        11445    i.SetSysClock       system_stm32f2xx.o
    0x0800a0a4   0x000000bc   Code   RO         4149    i.Socket_main_Set   device_808.o
    0x0800a160   0x00000060   Code   RO         3900    i.Start_Camera      app_485.o
    0x0800a1c0   0x00000012   Code   RO          507    i.SysTick_Handler   board.o
    0x0800a1d2   0x00000002   PAD
    0x0800a1d4   0x00000050   Code   RO        11447    i.SystemInit        system_stm32f2xx.o
    0x0800a224   0x0000002e   Code   RO        14585    i.TI1_Config        stm32f2xx_tim.o
    0x0800a252   0x00000036   Code   RO        14586    i.TI2_Config        stm32f2xx_tim.o
    0x0800a288   0x00000070   Code   RO          335    i.TIM3_Config       startup.o
    0x0800a2f8   0x00000064   Code   RO          336    i.TIM3_IRQHandler   startup.o
    0x0800a35c   0x000000d0   Code   RO          337    i.TIM4_IRQHandler   startup.o
    0x0800a42c   0x00000014   Code   RO        14587    i.TIM_ARRPreloadConfig  stm32f2xx_tim.o
    0x0800a440   0x00000006   Code   RO        14593    i.TIM_ClearFlag     stm32f2xx_tim.o
    0x0800a446   0x00000006   Code   RO        14594    i.TIM_ClearITPendingBit  stm32f2xx_tim.o
    0x0800a44c   0x00000014   Code   RO        14599    i.TIM_Cmd           stm32f2xx_tim.o
    0x0800a460   0x00000084   Code   RO         4151    i.TIM_Config_PWM    device_808.o
    0x0800a4e4   0x00000150   Code   RO        14604    i.TIM_DeInit        stm32f2xx_tim.o
    0x0800a634   0x00000004   Code   RO        14614    i.TIM_GetCapture1   stm32f2xx_tim.o
    0x0800a638   0x00000004   Code   RO        14615    i.TIM_GetCapture2   stm32f2xx_tim.o
    0x0800a63c   0x00000018   Code   RO        14620    i.TIM_GetITStatus   stm32f2xx_tim.o
    0x0800a654   0x00000010   Code   RO        14624    i.TIM_ITConfig      stm32f2xx_tim.o
    0x0800a664   0x00000060   Code   RO        14628    i.TIM_OC1Init       stm32f2xx_tim.o
    0x0800a6c4   0x0000000c   Code   RO        14631    i.TIM_OC1PreloadConfig  stm32f2xx_tim.o
    0x0800a6d0   0x00000014   Code   RO        14646    i.TIM_OCStructInit  stm32f2xx_tim.o
    0x0800a6e4   0x0000006c   Code   RO        14647    i.TIM_PWMIConfig    stm32f2xx_tim.o
    0x0800a750   0x0000000c   Code   RO        14653    i.TIM_SelectInputTrigger  stm32f2xx_tim.o
    0x0800a75c   0x00000010   Code   RO        14654    i.TIM_SelectMasterSlaveMode  stm32f2xx_tim.o
    0x0800a76c   0x00000010   Code   RO        14658    i.TIM_SelectSlaveMode  stm32f2xx_tim.o
    0x0800a77c   0x00000010   Code   RO        14666    i.TIM_SetIC1Prescaler  stm32f2xx_tim.o
    0x0800a78c   0x00000018   Code   RO        14667    i.TIM_SetIC2Prescaler  stm32f2xx_tim.o
    0x0800a7a4   0x0000007c   Code   RO        14671    i.TIM_TimeBaseInit  stm32f2xx_tim.o
    0x0800a820   0x00000068   Code   RO         3325    i.TTS_Get_Data      device_gsm.o
    0x0800a888   0x00000014   Code   RO         3327    i.TTS_play          device_gsm.o
    0x0800a89c   0x00000038   Code   RO          556    i.UART4_IRQHandler  stm32f4xx_it.o
    0x0800a8d4   0x000000dc   Code   RO         2963    i.UART5_IRQHandler  gps.o
    0x0800a9b0   0x0000005c   Code   RO          634    i.USART1_IRQHandler  vuart.o
    0x0800aa0c   0x00000038   Code   RO          557    i.USART2_IRQHandler  stm32f4xx_it.o
    0x0800aa44   0x00000038   Code   RO          558    i.USART3_IRQHandler  stm32f4xx_it.o
    0x0800aa7c   0x0000000c   Code   RO        15133    i.USART_ClearITPendingBit  stm32f2xx_usart.o
    0x0800aa88   0x00000014   Code   RO        15136    i.USART_Cmd         stm32f2xx_usart.o
    0x0800aa9c   0x0000000e   Code   RO        15139    i.USART_GetFlagStatus  stm32f2xx_usart.o
    0x0800aaaa   0x0000003e   Code   RO        15140    i.USART_GetITStatus  stm32f2xx_usart.o
    0x0800aae8   0x00000030   Code   RO        15142    i.USART_ITConfig    stm32f2xx_usart.o
    0x0800ab18   0x000000ac   Code   RO        15143    i.USART_Init        stm32f2xx_usart.o
    0x0800abc4   0x00000008   Code   RO        15150    i.USART_ReceiveData  stm32f2xx_usart.o
    0x0800abcc   0x00000008   Code   RO        15153    i.USART_SendData    stm32f2xx_usart.o
    0x0800abd4   0x0000000a   Code   RO         7569    i.USBH_Connected    usbh_core.o
    0x0800abde   0x0000000a   Code   RO         7571    i.USBH_Disconnected  usbh_core.o
    0x0800abe8   0x000000a8   Code   RO         8250    i.USBH_OTG_ISR_Handler  usb_hcd_int.o
    0x0800ac90   0x00000004   Code   RO         7577    i.USBH_SOF          usbh_core.o
    0x0800ac94   0x0000000a   Code   RO         6327    i.USB_OTG_BSP_mDelay  usb_bsp.o
    0x0800ac9e   0x0000001e   Code   RO         6328    i.USB_OTG_BSP_uDelay  usb_bsp.o
    0x0800acbc   0x0000002a   Code   RO         7857    i.USB_OTG_HC_DoPing  usb_core.o
    0x0800ace6   0x0000003c   Code   RO         7858    i.USB_OTG_HC_Halt   usb_core.o
    0x0800ad22   0x0000000c   Code   RO         7861    i.USB_OTG_InitFSLSPClkSel  usb_core.o
    0x0800ad2e   0x0000000e   Code   RO         7864    i.USB_OTG_IsHostMode  usb_core.o
    0x0800ad3c   0x0000000a   Code   RO         7865    i.USB_OTG_ReadCoreItr  usb_core.o
    0x0800ad46   0x0000000c   Code   RO         7866    i.USB_OTG_ReadHPRT0  usb_core.o
    0x0800ad52   0x00000006   Code   RO         7867    i.USB_OTG_ReadHostAllChannels_intr  usb_core.o
    0x0800ad58   0x00000020   Code   RO         7869    i.USB_OTG_ReadPacket  usb_core.o
    0x0800ad78   0x0000002a   Code   RO         7870    i.USB_OTG_ResetPort  usb_core.o
    0x0800ada2   0x00000002   PAD
    0x0800ada4   0x0000002c   Code   RO         8251    i.USB_OTG_USBH_handle_Disconnect_ISR  usb_hcd_int.o
    0x0800add0   0x00000046   Code   RO         8252    i.USB_OTG_USBH_handle_IncompletePeriodicXfer_ISR  usb_hcd_int.o
    0x0800ae16   0x00000056   Code   RO         8253    i.USB_OTG_USBH_handle_hc_ISR  usb_hcd_int.o
    0x0800ae6c   0x0000042a   Code   RO         8254    i.USB_OTG_USBH_handle_hc_n_In_ISR  usb_hcd_int.o
    0x0800b296   0x000003d0   Code   RO         8255    i.USB_OTG_USBH_handle_hc_n_Out_ISR  usb_hcd_int.o
    0x0800b666   0x0000012e   Code   RO         8256    i.USB_OTG_USBH_handle_nptxfempty_ISR  usb_hcd_int.o
    0x0800b794   0x00000120   Code   RO         8257    i.USB_OTG_USBH_handle_port_ISR  usb_hcd_int.o
    0x0800b8b4   0x0000012e   Code   RO         8258    i.USB_OTG_USBH_handle_ptxfempty_ISR  usb_hcd_int.o
    0x0800b9e2   0x00000164   Code   RO         8259    i.USB_OTG_USBH_handle_rx_qlvl_ISR  usb_hcd_int.o
    0x0800bb46   0x00000002   PAD
    0x0800bb48   0x0000002c   Code   RO         8260    i.USB_OTG_USBH_handle_sof_ISR  usb_hcd_int.o
    0x0800bb74   0x00000028   Code   RO         7874    i.USB_OTG_WritePacket  usb_core.o
    0x0800bb9c   0x00000002   Code   RO          559    i.UsageFault_Handler  stm32f4xx_it.o
    0x0800bb9e   0x00000002   PAD
    0x0800bba0   0x0000001c   Code   RO         4152    i.WARN_StatusGet    device_808.o
    0x0800bbbc   0x0000000c   Code   RO        15320    i.WWDG_ClearFlag    stm32f2xx_wwdg.o
    0x0800bbc8   0x00000010   Code   RO          560    i.WWDG_IRQHandler   stm32f4xx_it.o
    0x0800bbd8   0x00000010   Code   RO        15325    i.WWDG_SetCounter   stm32f2xx_wwdg.o
    0x0800bbe8   0x00000024   Code   RO         4153    i.WatchDogInit      device_808.o
    0x0800bc0c   0x00000014   Code   RO         4154    i.WatchDog_Feed     device_808.o
    0x0800bc20   0x000000e4   Code   RO         3782    i._485_RxHandler    device_485.o
    0x0800bd04   0x00000020   Code   RO        15661    i.__0printf$8       mc_w.l(printf8.o)
    0x0800bd24   0x00000028   Code   RO        15663    i.__0sprintf$8      mc_w.l(printf8.o)
    0x0800bd4c   0x0000000e   Code   RO        15809    i.__scatterload_copy  mc_w.l(handlers.o)
    0x0800bd5a   0x00000002   Code   RO        15810    i.__scatterload_null  mc_w.l(handlers.o)
    0x0800bd5c   0x0000000e   Code   RO        15811    i.__scatterload_zeroinit  mc_w.l(handlers.o)
    0x0800bd6a   0x00000002   PAD
    0x0800bd6c   0x00000090   Code   RO         1862    i._list_device      cmd.o
    0x0800bdfc   0x000000d8   Code   RO         1863    i._list_event       cmd.o
    0x0800bed4   0x000000ec   Code   RO         1864    i._list_mailbox     cmd.o
    0x0800bfc0   0x000000e8   Code   RO         1865    i._list_mempool     cmd.o
    0x0800c0a8   0x000000cc   Code   RO         1866    i._list_msgqueue    cmd.o
    0x0800c174   0x000000a8   Code   RO         1867    i._list_mutex       cmd.o
    0x0800c21c   0x000000c8   Code   RO         1868    i._list_sem         cmd.o
    0x0800c2e4   0x000000ec   Code   RO         1869    i._list_thread      cmd.o
    0x0800c3d0   0x000000f0   Code   RO         1870    i._list_timer       cmd.o
    0x0800c4c0   0x00000410   Code   RO        15668    i._printf_core      mc_w.l(printf8.o)
    0x0800c8d0   0x00000024   Code   RO        15669    i._printf_post_padding  mc_w.l(printf8.o)
    0x0800c8f4   0x0000002e   Code   RO        15670    i._printf_pre_padding  mc_w.l(printf8.o)
    0x0800c922   0x00000002   PAD
    0x0800c924   0x000000e4   Code   RO         1565    i._rt_scheduler_stack_check  scheduler.o
    0x0800ca08   0x0000000a   Code   RO        15672    i._sputc            mc_w.l(printf8.o)
    0x0800ca12   0x00000002   PAD
    0x0800ca14   0x0000005c   Code   RO         4532    i.buzzer_onoff      protocol_808.o
    0x0800ca70   0x00000060   Code   RO         6749    i.cat               dfs_file.o
    0x0800cad0   0x00000014   Code   RO         3328    i.catd              device_gsm.o
    0x0800cae4   0x000000c4   Code   RO         6750    i.copy              dfs_file.o
    0x0800cba8   0x00000024   Code   RO         3329    i.cplay             device_gsm.o
    0x0800cbcc   0x00000014   Code   RO         4535    i.current           protocol_808.o
    0x0800cbe0   0x00000018   Code   RO         4536    i.delay_ms          protocol_808.o
    0x0800cbf8   0x00000030   Code   RO         2969    i.dev_gps_write     gps.o
    0x0800cc28   0x00000194   Code   RO         5350    i.deviceid          sys_config.o
    0x0800cdbc   0x00000044   Code   RO         6862    i.df                dfs_fs.o
    0x0800ce00   0x0000002e   Code   RO         6751    i.dfs_file_close    dfs_file.o
    0x0800ce2e   0x0000001e   Code   RO         6753    i.dfs_file_getdents  dfs_file.o
    0x0800ce4c   0x000000c8   Code   RO         6756    i.dfs_file_open     dfs_file.o
    0x0800cf14   0x0000002c   Code   RO         6757    i.dfs_file_read     dfs_file.o
    0x0800cf40   0x0000009c   Code   RO         6759    i.dfs_file_stat     dfs_file.o
    0x0800cfdc   0x0000007c   Code   RO         6760    i.dfs_file_unlink   dfs_file.o
    0x0800d058   0x00000018   Code   RO         6761    i.dfs_file_write    dfs_file.o
    0x0800d070   0x00000068   Code   RO         6864    i.dfs_filesystem_lookup  dfs_fs.o
    0x0800d0d8   0x0000005c   Code   RO         6679    i.dfs_lock          dfs.o
    0x0800d134   0x00000050   Code   RO         6865    i.dfs_mkfs          dfs_fs.o
    0x0800d184   0x00000188   Code   RO         6680    i.dfs_normalize_path  dfs.o
    0x0800d30c   0x0000001e   Code   RO         6868    i.dfs_statfs        dfs_fs.o
    0x0800d32a   0x00000030   Code   RO         6681    i.dfs_subdir        dfs.o
    0x0800d35a   0x00000002   PAD
    0x0800d35c   0x0000000c   Code   RO         6682    i.dfs_unlock        dfs.o
    0x0800d368   0x00000040   Code   RO         4156    i.dispdata          device_808.o
    0x0800d3a8   0x00000070   Code   RO         4538    i.dnsr_main         protocol_808.o
    0x0800d418   0x00000040   Code   RO         4539    i.driver_name       protocol_808.o
    0x0800d458   0x00000068   Code   RO         4540    i.dur               protocol_808.o
    0x0800d4c0   0x0000002c   Code   RO         6683    i.fd_get            dfs.o
    0x0800d4ec   0x00000088   Code   RO         6684    i.fd_is_open        dfs.o
    0x0800d574   0x00000040   Code   RO         6685    i.fd_new            dfs.o
    0x0800d5b4   0x00000078   Code   RO         6686    i.fd_put            dfs.o
    0x0800d62c   0x00000024   Code   RO          339    i.fputc             startup.o
    0x0800d650   0x00000108   Code   RO         2973    i.gps_mode          gps.o
    0x0800d758   0x00000020   Code   RO         2974    i.gps_onoff         gps.o
    0x0800d778   0x00000024   Code   RO         2975    i.gps_raw           gps.o
    0x0800d79c   0x00000020   Code   RO         1871    i.hello             cmd.o
    0x0800d7bc   0x00000114   Code   RO         5351    i.idip              sys_config.o
    0x0800d8d0   0x00000088   Code   RO         4541    i.link_mode         protocol_808.o
    0x0800d958   0x000000c8   Code   RO         1872    i.list              cmd.o
    0x0800da20   0x0000000c   Code   RO         1873    i.list_device       cmd.o
    0x0800da2c   0x0000000c   Code   RO         1874    i.list_event        cmd.o
    0x0800da38   0x0000000c   Code   RO         1875    i.list_mailbox      cmd.o
    0x0800da44   0x0000006c   Code   RO         1323    i.list_mem          mem.o
    0x0800dab0   0x0000000c   Code   RO         1876    i.list_mempool      cmd.o
    0x0800dabc   0x0000000c   Code   RO         1877    i.list_msgqueue     cmd.o
    0x0800dac8   0x0000000c   Code   RO         1878    i.list_mutex        cmd.o
    0x0800dad4   0x0000000c   Code   RO         1880    i.list_sem          cmd.o
    0x0800dae0   0x0000000c   Code   RO         1881    i.list_thread       cmd.o
    0x0800daec   0x0000000c   Code   RO         1882    i.list_timer        cmd.o
    0x0800daf8   0x00000120   Code   RO         6762    i.ls                dfs_file.o
    0x0800dc18   0x000000f4   Code   RO          340    i.main              startup.o
    0x0800dd0c   0x0000004c   Code   RO         6936    i.mkdir             dfs_posix.o
    0x0800dd58   0x00000004   Code   RO         6870    i.mkfs              dfs_fs.o
    0x0800dd5c   0x0000003c   Code   RO         4542    i.password          protocol_808.o
    0x0800dd98   0x00000138   Code   RO         1324    i.plug_holes        mem.o
    0x0800ded0   0x0000006c   Code   RO         4544    i.port_main         protocol_808.o
    0x0800df3c   0x0000012c   Code   RO         1158    i.print_number      kservice.o
    0x0800e068   0x000000e4   Code   RO          341    i.pulse_init        startup.o
    0x0800e14c   0x00000068   Code   RO         4547    i.qwrite_read       protocol_808.o
    0x0800e1b4   0x0000001c   Code   RO         4157    i.reset             device_808.o
    0x0800e1d0   0x00000030   Code   RO         6763    i.rm                dfs_file.o
    0x0800e200   0x000001c4   Code   RO         1326    i.rt_free           mem.o
    0x0800e3c4   0x00000002   Code   RO         1163    i.rt_hw_console_output  kservice.o
    0x0800e3c6   0x00000014   Code   RO         3331    i.rt_hw_gsm_output  device_gsm.o
    0x0800e3da   0x00000002   PAD
    0x0800e3dc   0x00000020   Code   RO         3333    i.rt_hw_gsm_putc    device_gsm.o
    0x0800e3fc   0x000000f4   Code   RO        11375    i.rt_hw_hard_fault_exception  cpuport.o
    0x0800e4f0   0x0000001c   Code   RO         1130    i.rt_interrupt_enter  irq.o
    0x0800e50c   0x0000000c   Code   RO         1131    i.rt_interrupt_get_nest  irq.o
    0x0800e518   0x0000001c   Code   RO         1132    i.rt_interrupt_leave  irq.o
    0x0800e534   0x0000000e   Code   RO          878    i.rt_ipc_list_resume  ipc.o
    0x0800e542   0x00000002   PAD
    0x0800e544   0x00000052   Code   RO          880    i.rt_ipc_list_suspend  ipc.o
    0x0800e596   0x00000002   PAD
    0x0800e598   0x00000020   Code   RO         1164    i.rt_kprintf        kservice.o
    0x0800e5b8   0x0000000e   Code   RO         1634    i.rt_list_insert_after  thread.o
    0x0800e5c6   0x0000000e   Code   RO          881    i.rt_list_insert_before  ipc.o
    0x0800e5d4   0x0000000e   Code   RO         1749    i.rt_list_insert_before  timer.o
    0x0800e5e2   0x00000012   Code   RO         1883    i.rt_list_len       cmd.o
    0x0800e5f4   0x00000012   Code   RO         1464    i.rt_list_remove    object.o
    0x0800e606   0x00000012   Code   RO         1635    i.rt_list_remove    thread.o
    0x0800e618   0x00000012   Code   RO         1750    i.rt_list_remove    timer.o
    0x0800e62a   0x00000002   PAD
    0x0800e62c   0x00000264   Code   RO         1328    i.rt_malloc         mem.o
    0x0800e890   0x0000004a   Code   RO         1167    i.rt_memcpy         kservice.o
    0x0800e8da   0x00000002   PAD
    0x0800e8dc   0x00000046   Code   RO         1169    i.rt_memset         kservice.o
    0x0800e922   0x00000002   PAD
    0x0800e924   0x00000140   Code   RO          896    i.rt_mq_send        ipc.o
    0x0800ea64   0x00000098   Code   RO          903    i.rt_mutex_release  ipc.o
    0x0800eafc   0x0000017c   Code   RO          904    i.rt_mutex_take     ipc.o
    0x0800ec78   0x00000080   Code   RO         1468    i.rt_object_detach  object.o
    0x0800ecf8   0x0000009c   Code   RO         1568    i.rt_schedule       scheduler.o
    0x0800ed94   0x0000009c   Code   RO         1569    i.rt_schedule_insert_thread  scheduler.o
    0x0800ee30   0x0000009c   Code   RO         1570    i.rt_schedule_remove_thread  scheduler.o
    0x0800eecc   0x00000044   Code   RO          910    i.rt_sem_release    ipc.o
    0x0800ef10   0x00000140   Code   RO          911    i.rt_sem_take       ipc.o
    0x0800f050   0x00000020   Code   RO         1170    i.rt_set_errno      kservice.o
    0x0800f070   0x000000b0   Code   RO         1171    i.rt_show_version   kservice.o
    0x0800f120   0x00000012   Code   RO         1172    i.rt_snprintf       kservice.o
    0x0800f132   0x00000024   Code   RO         1176    i.rt_strdup         kservice.o
    0x0800f156   0x00000010   Code   RO         1177    i.rt_strlen         kservice.o
    0x0800f166   0x00000002   PAD
    0x0800f168   0x000000b8   Code   RO         1636    i.rt_thread_control  thread.o
    0x0800f220   0x0000008c   Code   RO         1639    i.rt_thread_delete  thread.o
    0x0800f2ac   0x00000098   Code   RO         1644    i.rt_thread_resume  thread.o
    0x0800f344   0x0000000c   Code   RO         1645    i.rt_thread_self    thread.o
    0x0800f350   0x000000c8   Code   RO         1647    i.rt_thread_startup  thread.o
    0x0800f418   0x00000084   Code   RO         1648    i.rt_thread_suspend  thread.o
    0x0800f49c   0x0000005c   Code   RO         1650    i.rt_thread_yield   thread.o
    0x0800f4f8   0x0000000c   Code   RO          710    i.rt_tick_get       clock.o
    0x0800f504   0x0000002c   Code   RO          711    i.rt_tick_increase  clock.o
    0x0800f530   0x00000074   Code   RO         1755    i.rt_timer_check    timer.o
    0x0800f5a4   0x0000008c   Code   RO         1756    i.rt_timer_control  timer.o
    0x0800f630   0x00000078   Code   RO         1759    i.rt_timer_detach   timer.o
    0x0800f6a8   0x00000140   Code   RO         1763    i.rt_timer_start    timer.o
    0x0800f7e8   0x00000030   Code   RO         1884    i.show_wait_queue   cmd.o
    0x0800f818   0x00000154   Code   RO         5352    i.simid             sys_config.o
    0x0800f96c   0x00000028   Code   RO         1182    i.skip_atoi         kservice.o
    0x0800f994   0x00000040   Code   RO         5873    i.speaker_on        app_hmi.o
    0x0800f9d4   0x00000064   Code   RO         3904    i.str2ipport        app_485.o
    0x0800fa38   0x00000018   Code   RO         2847    i.strcmp            shell.o
    0x0800fa50   0x00000068   Code   RO         4551    i.strtrim           protocol_808.o
    0x0800fab8   0x000002e4   Code   RO         4158    i.sys_status        device_808.o
    0x0800fd9c   0x00000070   Code   RO         3905    i.takephoto         app_485.o
    0x0800fe0c   0x000000e8   Code   RO          343    i.u1_rxAnalysis     startup.o
    0x0800fef4   0x0000002c   Code   RO          642    i.uart1_baud        vuart.o
    0x0800ff20   0x0000000a   Code   RO         1887    i.version           cmd.o
    0x0800ff2a   0x00000002   PAD
    0x0800ff2c   0x00000274   Code   RO         1183    i.vsnprintf         kservice.o
    0x080101a0   0x00000048   Code   RO         4553    i.write_read        protocol_808.o
    0x080101e8   0x000001c6   Data   RO          913    .constdata          ipc.o
    0x080103ae   0x00000022   Data   RO         1185    .constdata          kservice.o
    0x080103d0   0x00000009   Data   RO         1334    .constdata          mem.o
    0x080103d9   0x0000001e   Data   RO         1335    .constdata          mem.o
    0x080103f7   0x00000046   Data   RO         1336    .constdata          mem.o
    0x0801043d   0x0000005e   Data   RO         1478    .constdata          object.o
    0x0801049b   0x0000014e   Data   RO         1575    .constdata          scheduler.o
    0x080105e9   0x000000aa   Data   RO         1651    .constdata          thread.o
    0x08010693   0x0000005c   Data   RO         1767    .constdata          timer.o
    0x080106ef   0x00000006   Data   RO         1888    .constdata          cmd.o
    0x080106f5   0x00000010   Data   RO         1889    .constdata          cmd.o
    0x08010705   0x00000008   Data   RO         1890    .constdata          cmd.o
    0x0801070d   0x00000023   Data   RO         1891    .constdata          cmd.o
    0x08010730   0x0000000c   Data   RO         1892    .constdata          cmd.o
    0x0801073c   0x0000000c   Data   RO         1893    .constdata          cmd.o
    0x08010748   0x00000009   Data   RO         1894    .constdata          cmd.o
    0x08010751   0x00000019   Data   RO         1895    .constdata          cmd.o
    0x0801076a   0x0000000b   Data   RO         1896    .constdata          cmd.o
    0x08010775   0x00000015   Data   RO         1897    .constdata          cmd.o
    0x0801078a   0x0000000b   Data   RO         1898    .constdata          cmd.o
    0x08010795   0x00000015   Data   RO         1899    .constdata          cmd.o
    0x080107aa   0x0000000d   Data   RO         1900    .constdata          cmd.o
    0x080107b7   0x00000018   Data   RO         1901    .constdata          cmd.o
    0x080107cf   0x0000000e   Data   RO         1902    .constdata          cmd.o
    0x080107dd   0x0000001d   Data   RO         1903    .constdata          cmd.o
    0x080107fa   0x0000000d   Data   RO         1904    .constdata          cmd.o
    0x08010807   0x0000001b   Data   RO         1905    .constdata          cmd.o
    0x08010822   0x0000000b   Data   RO         1906    .constdata          cmd.o
    0x0801082d   0x00000015   Data   RO         1907    .constdata          cmd.o
    0x08010842   0x0000000c   Data   RO         1908    .constdata          cmd.o
    0x0801084e   0x00000016   Data   RO         1909    .constdata          cmd.o
    0x08010864   0x00000005   Data   RO         1910    .constdata          cmd.o
    0x08010869   0x0000001a   Data   RO         1911    .constdata          cmd.o
    0x08010883   0x00000006   Data   RO         1912    .constdata          cmd.o
    0x08010889   0x00000019   Data   RO         1913    .constdata          cmd.o
    0x080108a2   0x00000002   PAD
    0x080108a4   0x00000040   Data   RO         1914    .constdata          cmd.o
    0x080108e4   0x00000030   Data   RO         2980    .constdata          gps.o
    0x08010914   0x0000000a   Data   RO         2981    .constdata          gps.o
    0x0801091e   0x00000014   Data   RO         2982    .constdata          gps.o
    0x08010932   0x00000009   Data   RO         2983    .constdata          gps.o
    0x0801093b   0x00000013   Data   RO         2984    .constdata          gps.o
    0x0801094e   0x00000008   Data   RO         2985    .constdata          gps.o
    0x08010956   0x0000000f   Data   RO         2986    .constdata          gps.o
    0x08010965   0x00000009   Data   RO         3345    .constdata          device_gsm.o
    0x0801096e   0x00000009   Data   RO         3346    .constdata          device_gsm.o
    0x08010977   0x00000006   Data   RO         3347    .constdata          device_gsm.o
    0x0801097d   0x00000006   Data   RO         3348    .constdata          device_gsm.o
    0x08010983   0x00000005   Data   RO         3349    .constdata          device_gsm.o
    0x08010988   0x00000005   Data   RO         3350    .constdata          device_gsm.o
    0x0801098d   0x00000003   Data   RO         3351    .constdata          device_gsm.o
    0x08010990   0x00000003   Data   RO         3352    .constdata          device_gsm.o
    0x08010993   0x0000000a   Data   RO         3907    .constdata          app_485.o
    0x0801099d   0x0000000b   Data   RO         3908    .constdata          app_485.o
    0x080109a8   0x00000006   Data   RO         4159    .constdata          device_808.o
    0x080109ae   0x0000000d   Data   RO         4160    .constdata          device_808.o
    0x080109bb   0x0000000b   Data   RO         4161    .constdata          device_808.o
    0x080109c6   0x00000007   Data   RO         4162    .constdata          device_808.o
    0x080109cd   0x00000009   Data   RO         4163    .constdata          device_808.o
    0x080109d6   0x0000000f   Data   RO         4164    .constdata          device_808.o
    0x080109e5   0x00000010   Data   RO         4165    .constdata          device_808.o
    0x080109f5   0x00000010   Data   RO         4166    .constdata          device_808.o
    0x08010a05   0x00000004   Data   RO         4569    .constdata          protocol_808.o
    0x08010a09   0x00000004   Data   RO         4570    .constdata          protocol_808.o
    0x08010a0d   0x0000000c   Data   RO         4571    .constdata          protocol_808.o
    0x08010a19   0x00000010   Data   RO         4572    .constdata          protocol_808.o
    0x08010a29   0x00000008   Data   RO         4573    .constdata          protocol_808.o
    0x08010a31   0x00000008   Data   RO         4574    .constdata          protocol_808.o
    0x08010a39   0x0000000a   Data   RO         4575    .constdata          protocol_808.o
    0x08010a43   0x0000000a   Data   RO         4576    .constdata          protocol_808.o
    0x08010a4d   0x0000000a   Data   RO         4577    .constdata          protocol_808.o
    0x08010a57   0x0000000a   Data   RO         4578    .constdata          protocol_808.o
    0x08010a61   0x0000000a   Data   RO         4579    .constdata          protocol_808.o
    0x08010a6b   0x0000000a   Data   RO         4580    .constdata          protocol_808.o
    0x08010a75   0x00000009   Data   RO         4581    .constdata          protocol_808.o
    0x08010a7e   0x00000009   Data   RO         4582    .constdata          protocol_808.o
    0x08010a87   0x0000000d   Data   RO         4583    .constdata          protocol_808.o
    0x08010a94   0x00000012   Data   RO         4584    .constdata          protocol_808.o
    0x08010aa6   0x0000000b   Data   RO         4585    .constdata          protocol_808.o
    0x08010ab1   0x00000017   Data   RO         4586    .constdata          protocol_808.o
    0x08010ac8   0x0000000c   Data   RO         4587    .constdata          protocol_808.o
    0x08010ad4   0x00000018   Data   RO         4588    .constdata          protocol_808.o
    0x08010aec   0x00000005   Data   RO         5354    .constdata          sys_config.o
    0x08010af1   0x0000000c   Data   RO         5355    .constdata          sys_config.o
    0x08010afd   0x00000009   Data   RO         5356    .constdata          sys_config.o
    0x08010b06   0x0000000d   Data   RO         5357    .constdata          sys_config.o
    0x08010b13   0x00000006   Data   RO         5358    .constdata          sys_config.o
    0x08010b19   0x0000000a   Data   RO         5359    .constdata          sys_config.o
    0x08010b23   0x0000000b   Data   RO         5877    .constdata          app_hmi.o
    0x08010b2e   0x0000000b   Data   RO         5878    .constdata          app_hmi.o
    0x08010b39   0x00000023   Data   RO         6688    .constdata          dfs.o
    0x08010b5c   0x00000003   Data   RO         6765    .constdata          dfs_file.o
    0x08010b5f   0x00000018   Data   RO         6766    .constdata          dfs_file.o
    0x08010b77   0x00000003   Data   RO         6767    .constdata          dfs_file.o
    0x08010b7a   0x0000001c   Data   RO         6768    .constdata          dfs_file.o
    0x08010b96   0x00000004   Data   RO         6769    .constdata          dfs_file.o
    0x08010b9a   0x0000000b   Data   RO         6770    .constdata          dfs_file.o
    0x08010ba5   0x00000005   Data   RO         6771    .constdata          dfs_file.o
    0x08010baa   0x00000025   Data   RO         6772    .constdata          dfs_file.o
    0x08010bcf   0x00000005   Data   RO         6871    .constdata          dfs_fs.o
    0x08010bd4   0x00000013   Data   RO         6872    .constdata          dfs_fs.o
    0x08010be7   0x00000003   Data   RO         6873    .constdata          dfs_fs.o
    0x08010bea   0x0000000e   Data   RO         6874    .constdata          dfs_fs.o
    0x08010bf8   0x00000006   Data   RO         6950    .constdata          dfs_posix.o
    0x08010bfe   0x00000013   Data   RO         6951    .constdata          dfs_posix.o
    0x08010c11   0x00000081   Data   RO        15405    .constdata          mc_w.l(ctype_o.o)
    0x08010c92   0x00000002   PAD
    0x08010c94   0x00000004   Data   RO        15406    .constdata          mc_w.l(ctype_o.o)
    0x08010c98   0x0000013e   Data   RO          347    .conststring        startup.o
    0x08010dd6   0x00000002   PAD
    0x08010dd8   0x000000ed   Data   RO         1337    .conststring        mem.o
    0x08010ec5   0x00000003   PAD
    0x08010ec8   0x0000016d   Data   RO         1915    .conststring        cmd.o
    0x08011035   0x00000003   PAD
    0x08011038   0x0000029b   Data   RO         3353    .conststring        device_gsm.o
    0x080112d3   0x00000001   PAD
    0x080112d4   0x00000054   Data   RO         4167    .conststring        device_808.o
    0x08011328   0x0000000c   Data   RO         1339    FSymTab             mem.o
    0x08011334   0x0000000c   Data   RO         1917    FSymTab             cmd.o
    0x08011340   0x0000000c   Data   RO         1918    FSymTab             cmd.o
    0x0801134c   0x0000000c   Data   RO         1919    FSymTab             cmd.o
    0x08011358   0x0000000c   Data   RO         1920    FSymTab             cmd.o
    0x08011364   0x0000000c   Data   RO         1921    FSymTab             cmd.o
    0x08011370   0x0000000c   Data   RO         1922    FSymTab             cmd.o
    0x0801137c   0x0000000c   Data   RO         1923    FSymTab             cmd.o
    0x08011388   0x0000000c   Data   RO         1924    FSymTab             cmd.o
    0x08011394   0x0000000c   Data   RO         1925    FSymTab             cmd.o
    0x080113a0   0x0000000c   Data   RO         1926    FSymTab             cmd.o
    0x080113ac   0x0000000c   Data   RO         1927    FSymTab             cmd.o
    0x080113b8   0x0000000c   Data   RO         1928    FSymTab             cmd.o
    0x080113c4   0x0000000c   Data   RO         2990    FSymTab             gps.o
    0x080113d0   0x0000000c   Data   RO         2991    FSymTab             gps.o
    0x080113dc   0x0000000c   Data   RO         2992    FSymTab             gps.o
    0x080113e8   0x0000000c   Data   RO         3365    FSymTab             device_gsm.o
    0x080113f4   0x0000000c   Data   RO         3366    FSymTab             device_gsm.o
    0x08011400   0x0000000c   Data   RO         3367    FSymTab             device_gsm.o
    0x0801140c   0x0000000c   Data   RO         3368    FSymTab             device_gsm.o
    0x08011418   0x0000000c   Data   RO         3912    FSymTab             app_485.o
    0x08011424   0x0000000c   Data   RO         4170    FSymTab             device_808.o
    0x08011430   0x0000000c   Data   RO         4171    FSymTab             device_808.o
    0x0801143c   0x0000000c   Data   RO         4172    FSymTab             device_808.o
    0x08011448   0x0000000c   Data   RO         4173    FSymTab             device_808.o
    0x08011454   0x0000000c   Data   RO         4639    FSymTab             protocol_808.o
    0x08011460   0x0000000c   Data   RO         4640    FSymTab             protocol_808.o
    0x0801146c   0x0000000c   Data   RO         4641    FSymTab             protocol_808.o
    0x08011478   0x0000000c   Data   RO         4642    FSymTab             protocol_808.o
    0x08011484   0x0000000c   Data   RO         4643    FSymTab             protocol_808.o
    0x08011490   0x0000000c   Data   RO         4644    FSymTab             protocol_808.o
    0x0801149c   0x0000000c   Data   RO         4645    FSymTab             protocol_808.o
    0x080114a8   0x0000000c   Data   RO         4646    FSymTab             protocol_808.o
    0x080114b4   0x0000000c   Data   RO         4647    FSymTab             protocol_808.o
    0x080114c0   0x0000000c   Data   RO         4648    FSymTab             protocol_808.o
    0x080114cc   0x0000000c   Data   RO         5383    FSymTab             sys_config.o
    0x080114d8   0x0000000c   Data   RO         5384    FSymTab             sys_config.o
    0x080114e4   0x0000000c   Data   RO         5385    FSymTab             sys_config.o
    0x080114f0   0x0000000c   Data   RO         5883    FSymTab             app_hmi.o
    0x080114fc   0x0000000c   Data   RO         6773    FSymTab             dfs_file.o
    0x08011508   0x0000000c   Data   RO         6774    FSymTab             dfs_file.o
    0x08011514   0x0000000c   Data   RO         6775    FSymTab             dfs_file.o
    0x08011520   0x0000000c   Data   RO         6776    FSymTab             dfs_file.o
    0x0801152c   0x0000000c   Data   RO         6876    FSymTab             dfs_fs.o
    0x08011538   0x0000000c   Data   RO         6877    FSymTab             dfs_fs.o
    0x08011544   0x0000000c   Data   RO         6952    FSymTab             dfs_posix.o
    0x08011550   0x00000020   Data   RO        15807    Region$$Table       anon$$obj.o
    0x08011570   0x00000010   Data   RO         1929    VSymTab             cmd.o


    Execution Region RW_IRAM1 (Base: 0x20000000, Size: 0x0000fcb8, Max: 0x00020000, ABSOLUTE, COMPRESSED[0x0000020c])

    Base Addr    Size         Type   Attr      Idx    E Section Name        Object

    0x20000000   0x00000060   Data   RW          348    .data               startup.o
    0x20000060   0x00000004   Data   RW          645    .data               vuart.o
    0x20000064   0x00000004   Data   RW          713    .data               clock.o
    0x20000068   0x00000001   Data   RW         1133    .data               irq.o
    0x20000069   0x00000003   PAD
    0x2000006c   0x00000008   Data   RW         1186    .data               kservice.o
    0x20000074   0x00000020   Data   RW         1338    .data               mem.o
    0x20000094   0x000000a4   Data   RW         1479    .data               object.o
    0x20000138   0x00000018   Data   RW         1576    .data               scheduler.o
    0x20000150   0x00000014   Data   RW         1768    .data               timer.o
    0x20000164   0x00000004   Data   RW         1916    .data               cmd.o
    0x20000168   0x00000004   Data   RW         2749    .data               finsh_var.o
    0x2000016c   0x0000000c   Data   RW         2799    .data               finsh_vm.o
    0x20000178   0x00000004   Data   RW         2935    .data               symbol.o
    0x2000017c   0x00000004   Data   RW         2936    .data               symbol.o
    0x20000180   0x00000004   Data   RW         2937    .data               symbol.o
    0x20000184   0x00000004   Data   RW         2938    .data               symbol.o
    0x20000188   0x00000005   Data   RW         2987    .data               gps.o
    0x2000018d   0x00000003   PAD
    0x20000190   0x00000010   Data   RW         3163    .data               app_gsm.o
    0x200001a0   0x00000001   Data   RW         3165    .data               app_gsm.o
    0x200001a1   0x00000001   PAD
    0x200001a2   0x0000018e   Data   RW         3354    .data               device_gsm.o
    0x20000330   0x00000022   Data   RW         3790    .data               device_485.o
    0x20000352   0x00000004   Data   RW         3910    .data               app_485.o
    0x20000356   0x00000014   Data   RW         4169    .data               device_808.o
    0x2000036a   0x00000002   PAD
    0x2000036c   0x00000187   Data   RW         4590    .data               protocol_808.o
    0x200004f3   0x00000001   Data   RW         4602    .data               protocol_808.o
    0x200004f4   0x00000004   Data   RW         4637    .data               protocol_808.o
    0x200004f8   0x0000009a   Data   RW         5362    .data               sys_config.o
    0x20000592   0x00000002   PAD
    0x20000594   0x00000004   Data   RW         5363    .data               sys_config.o
    0x20000598   0x00000001   Data   RW         5373    .data               sys_config.o
    0x20000599   0x00000003   PAD
    0x2000059c   0x0000003c   Data   RW         6252    .data               flash_oper.o
    0x200005d8   0x00000004   Data   RW         6255    .data               flash_oper.o
    0x200005dc   0x0000000c   Data   RW         7578    .data               usbh_core.o
    0x200005e8   0x00000004   Data   RW         7579    .data               usbh_core.o
    0x200005ec   0x00000014   Data   RW         8628    .data               device_can.o
    0x20000600   0x00000002   Data   RW         8704    .data               device_can2.o
    0x20000602   0x00000002   PAD
    0x20000604   0x0000000c   Data   RW         8802    .data               mma8451.o
    0x20000610   0x00000014   Data   RW        10589    .data               menu_include.o
    0x20000624   0x00000004   Data   RW        11378    .data               cpuport.o
    0x20000628   0x00000004   Data   RW        11379    .data               cpuport.o
    0x2000062c   0x00000004   Data   RW        11380    .data               cpuport.o
    0x20000630   0x00000014   Data   RW        11448    .data               system_stm32f2xx.o
    0x20000644   0x00000010   Data   RW        13609    .data               stm32f2xx_rcc.o
    0x20000654   0x00000004   Data   RW        15747    .data               mc_w.l(stdout.o)
    0x20000658   0x000000c0   Zero   RW          344    .bss                startup.o
    0x20000718   0x00000514   Zero   RW          643    .bss                vuart.o
    0x20000c2c   0x00000080   Zero   RW         1184    .bss                kservice.o
    0x20000cac   0x00000020   Zero   RW         1333    .bss                mem.o
    0x20000ccc   0x00000100   Zero   RW         1574    .bss                scheduler.o
    0x20000dcc   0x00000004   PAD
    0x20000dd0   0x00001080   Zero   RW         1766    .bss                timer.o
    0x20001e50   0x00001b18   Zero   RW         2978    .bss                gps.o
    0x20003968   0x00002c1c   Zero   RW         3159    .bss                app_gsm.o
    0x20006584   0x00000004   PAD
    0x20006588   0x00002940   Zero   RW         3334    .bss                device_gsm.o
    0x20008ec8   0x000004fc   Zero   RW         3789    .bss                device_485.o
    0x200093c4   0x000002a4   Zero   RW         3906    .bss                app_485.o
    0x20009668   0x00002cfd   Zero   RW         4554    .bss                protocol_808.o
    0x2000c365   0x00000003   PAD
    0x2000c368   0x00000762   Zero   RW         5353    .bss                sys_config.o
    0x2000caca   0x00000002   PAD
    0x2000cacc   0x00002020   Zero   RW         6052    .bss                sst25vf.o
    0x2000eaec   0x00000004   PAD
    0x2000eaf0   0x00000ab0   Zero   RW         6418    .bss                usbh.o
    0x2000f5a0   0x000000d4   Zero   RW         6687    .bss                dfs.o
    0x2000f674   0x00000124   Zero   RW         6764    .bss                dfs_file.o
    0x2000f798   0x00000014   Zero   RW         8626    .bss                device_can.o
    0x2000f7ac   0x00000108   Zero   RW         8701    .bss                device_can2.o
    0x2000f8b4   0x00000004   PAD
    0x2000f8b8   0x00000400   Zero   RW        15380    STACK               startup_stm32f2xx.o


==============================================================================

Image component sizes


      Code (inc. data)   RO Data    RW Data    ZI Data      Debug   Object Name

       340         90         33          4        676       5548   app_485.o
        88         10          0          0          0        528   app_808.o
        12          4          0         17      11292       3535   app_gsm.o
        64         28         34          0          0       3412   app_hmi.o
         0          0          0          0          0     317649   application.o
        18          0          0          0          0        490   board.o
        56         12          0          4          0       1217   clock.o
      2292       1228       1024          4          0      16205   cmd.o
       196         20          0          0          0        784   context_rvds.o
       244        162          0         12          0       1591   cpuport.o
       260         28          0         34       1276       4243   device_485.o
      1810        666        225         20          0      12255   device_808.o
       176         12          0         20         20       2698   device_can.o
        48         14          0          2        264       1888   device_can2.o
       760        150        761        398      10560      14822   device_gsm.o
       180          0          0          0          0       3323   df_oper.o
       908        228         35          0        212      10821   dfs.o
      1252        206        163          0        292       9068   dfs_file.o
       286         54         65          0          0       4192   dfs_fs.o
        76          4         37          0          0       1587   dfs_posix.o
         0          0          0          4          0       5217   finsh_var.o
         0          0          0         12          0       5881   finsh_vm.o
         0          0          0         64          0       1594   flash_oper.o
       600        168        165          5       6936       7254   gps.o
      1350        308        454          0          0      27828   ipc.o
        68         18          0          1          0       2082   irq.o
      1424        162         34          8        128       9911   kservice.o
      1484        568        358         32         32       6624   mem.o
         0          0          0         20          0       8882   menu_include.o
       100          4          0          0          0       1140   misc.o
       654         90          0         12          0       8449   mma8451.o
       146         62         94        164          0       5420   object.o
      1044        352        351        396      11517      34284   protocol_808.o
       696        286        334         24        256       4657   scheduler.o
        24          0          0          0          0        537   shell.o
       534         70          0          0       8224       6693   sst25vf.o
      2748        634        318         96        192      13536   startup.o
        36          8        388          0       1024        920   startup_stm32f2xx.o
       444         10          0          0          0       3820   stm32f2xx_can.o
        44         10          0          0          0       1248   stm32f2xx_exti.o
       234          0          0          0          0       4277   stm32f2xx_gpio.o
        68         30          0          0          0       2834   stm32f2xx_iwdg.o
       264         42          0         16          0       6001   stm32f2xx_rcc.o
        22          0          0          0          0       2541   stm32f2xx_spi.o
       980         88          0          0          0      14816   stm32f2xx_tim.o
       344          8          0          0          0       6227   stm32f2xx_usart.o
        28         10          0          0          0       1115   stm32f2xx_wwdg.o
       268         28          0          0          0       5466   stm32f4xx_it.o
         0          0          0         16          0       4269   symbol.o
      1020        462         91        159       1890       6052   sys_config.o
       232         32          0         20          0       2257   system_stm32f2xx.o
       944        342        170          0          0       9355   thread.o
       728        224         92         20       4224       6434   timer.o
        52          6          0          0          0      27202   usb_bsp.o
       270          0          0          0          0       7161   usb_core.o
      3702         16          0          0          0      10907   usb_hcd_int.o
         0          0          0          0       2736       1186   usbh.o
        24          0          0         16          0       4423   usbh_core.o
       136         18          0          4       1300       4002   vuart.o

    ----------------------------------------------------------------------
     29820       6972       5269       1620      63072     698358   Object Totals
         0          0         32          0          0          0   (incl. Generated)
        42          0         11         16         21          0   (incl. Padding)

    ----------------------------------------------------------------------

      Code (inc. data)   RO Data    RW Data    ZI Data      Debug   Library Member Name

        56          8          0          0          0         84   __0sscanf.o
        86          0          0          0          0          0   __dczerorl2.o
        28          0          0          0          0         68   _chval.o
       812          4          0          0          0        112   _scanf.o
       332          0          0          0          0         96   _scanf_int.o
        64          0          0          0          0         84   _sgetc.o
         8          4        133          0          0         68   ctype_o.o
         0          0          0          0          0          0   entry.o
         0          0          0          0          0          0   entry10a.o
         0          0          0          0          0          0   entry11a.o
         8          4          0          0          0          0   entry2.o
         4          0          0          0          0          0   entry5.o
         0          0          0          0          0          0   entry7b.o
         0          0          0          0          0          0   entry8b.o
         8          4          0          0          0          0   entry9a.o
        30          0          0          0          0          0   handlers.o
        36          8          0          0          0         68   init.o
        18          0          0          0          0         76   isspace_o.o
        30          0          0          0          0         68   llshl.o
        32          0          0          0          0         68   llushr.o
        36          0          0          0          0         68   memcpya.o
        36          0          0          0          0        108   memseta.o
      1204         60          0          0          0        504   printf8.o
        40          8          0          0          0         84   scanf_char.o
         0          0          0          4          0          0   stdout.o
        24          0          0          0          0         68   strcat.o
        14          0          0          0          0         68   strlen.o
        30          0          0          0          0         80   strncmp.o
        98          0          0          0          0         92   uldiv.o

    ----------------------------------------------------------------------
      3048        100        135          4          0       1864   Library Totals
        14          0          2          0          0          0   (incl. Padding)

    ----------------------------------------------------------------------

      Code (inc. data)   RO Data    RW Data    ZI Data      Debug   Library Name

      3034        100        133          4          0       1864   mc_w.l

    ----------------------------------------------------------------------
      3048        100        135          4          0       1864   Library Totals

    ----------------------------------------------------------------------

==============================================================================


      Code (inc. data)   RO Data    RW Data    ZI Data      Debug   

     32868       7072       5404       1624      63072     684438   Grand Totals
     32868       7072       5404        524      63072     684438   ELF Image Totals (compressed)
     32868       7072       5404        524          0          0   ROM Totals

==============================================================================

    Total RO  Size (Code + RO Data)                38272 (  37.38kB)
    Total RW  Size (RW Data + ZI Data)             64696 (  63.18kB)
    Total ROM Size (Code + RO Data + RW Data)      38796 (  37.89kB)

==============================================================================

